1 SWITCH admin
2 OPEN 1001 S savings 50000
3 DEPOSIT 1001 100
4 WITHDRAW 1001 50
5 OPEN 2001 C creditcard 10000
6 ADD_DAY 30
